  generator.cpp
  testingApp.cpp
F:\проекты вс\epsteinproject\проектЭпштена\arr_proc.h(4,21): error C2065: ifstream: необъявленный идентификатор
  (компиляция исходного файла "testingApp.cpp")
  
F:\проекты вс\epsteinproject\проектЭпштена\arr_proc.h(4,31): error C2065: input: необъявленный идентификатор
  (компиляция исходного файла "testingApp.cpp")
  
F:\проекты вс\epsteinproject\проектЭпштена\arr_proc.h(4,38): error C2062: тип "int" не требуется
  (компиляция исходного файла "testingApp.cpp")
  
F:\проекты вс\epsteinproject\проектЭпштена\testingApp.cpp(18,12): error C2064: результатом вычисления фрагмента не является функция, принимающая 2 аргументов
  проектЭпштена.cpp
F:\проекты вс\epsteinproject\проектЭпштена\arr_proc.h(4,21): error C2065: ifstream: необъявленный идентификатор
  (компиляция исходного файла "проектЭпштена.cpp")
  
F:\проекты вс\epsteinproject\проектЭпштена\arr_proc.h(4,31): error C2065: input: необъявленный идентификатор
  (компиляция исходного файла "проектЭпштена.cpp")
  
F:\проекты вс\epsteinproject\проектЭпштена\arr_proc.h(4,38): error C2062: тип "int" не требуется
  (компиляция исходного файла "проектЭпштена.cpp")
  
F:\проекты вс\epsteinproject\проектЭпштена\проектЭпштена.cpp(53,5): error C2365: array_proc_code: переопределение; предыдущим определением было "переменная данных"
      F:\проекты вс\epsteinproject\проектЭпштена\arr_proc.h(4,5):
       см. объявление "array_proc_code"
  
  Создание кода...
